[INFO] Scanning for projects...
[INFO] 
[INFO] -----------------------< com.upm:institutional >------------------------
[INFO] Building institutional 0.0.1-SNAPSHOT
[INFO]   from pom.xml
[INFO] --------------------------------[ jar ]---------------------------------
[INFO] 
[INFO] --- clean:3.3.2:clean (default-clean) @ institutional ---
[INFO] Deleting C:\Users\usuario\Desktop\PAGINA UPM\target
[INFO] 
[INFO] --- resources:3.3.1:resources (default-resources) @ institutional ---
[INFO] Copying 2 resources from src\main\resources to target\classes
[INFO] Copying 40 resources from src\main\resources to target\classes
[INFO] 
[INFO] --- compiler:3.11.0:compile (default-compile) @ institutional ---
[INFO] Changes detected - recompiling the module! :source
[INFO] Compiling 48 source files with javac [debug release 17] to target\classes
[INFO] Annotation processing is enabled because one or more processors were found
  on the class path. A future release of javac may disable annotation processing
  unless at least one processor is specified by name (-processor), or a search
  path is specified (--processor-path, --processor-module-path), or annotation
  processing is enabled explicitly (-proc:only, -proc:full).
  Use -Xlint:-options to suppress this message.
  Use -proc:none to disable annotation processing.
[INFO] 
[INFO] --- resources:3.3.1:testResources (default-testResources) @ institutional ---
[INFO] Copying 1 resource from src\test\resources to target\test-classes
[INFO] 
[INFO] --- compiler:3.11.0:testCompile (default-testCompile) @ institutional ---
[INFO] Changes detected - recompiling the module! :dependency
[INFO] Compiling 1 source file with javac [debug release 17] to target\test-classes
[INFO] Annotation processing is enabled because one or more processors were found
  on the class path. A future release of javac may disable annotation processing
  unless at least one processor is specified by name (-processor), or a search
  path is specified (--processor-path, --processor-module-path), or annotation
  processing is enabled explicitly (-proc:only, -proc:full).
  Use -Xlint:-options to suppress this message.
  Use -proc:none to disable annotation processing.
[INFO] 
[INFO] --- surefire:3.1.2:test (default-test) @ institutional ---
[INFO] Tests are skipped.
[INFO] 
[INFO] --- jar:3.3.0:jar (default-jar) @ institutional ---
[INFO] Building jar: C:\Users\usuario\Desktop\PAGINA UPM\target\institutional-0.0.1-SNAPSHOT.jar
[INFO] 
[INFO] --- spring-boot:3.2.1:repackage (repackage) @ institutional ---
[INFO] Replacing main artifact C:\Users\usuario\Desktop\PAGINA UPM\target\institutional-0.0.1-SNAPSHOT.jar with repackaged archive, adding nested dependencies in BOOT-INF/.
[INFO] The original artifact has been renamed to C:\Users\usuario\Desktop\PAGINA UPM\target\institutional-0.0.1-SNAPSHOT.jar.original
[INFO] ------------------------------------------------------------------------
[INFO] BUILD SUCCESS
[INFO] ------------------------------------------------------------------------
[INFO] Total time:  8.630 s
[INFO] Finished at: 2026-02-11T10:48:28-03:00
[INFO] ------------------------------------------------------------------------
